// Jest Snapshot v1, https://goo.gl/fbAQLP

exports[`forgotPasswordSchema rejects empty string 1`] = `[ValidationError: Email is required]`;

exports[`forgotPasswordSchema rejects invalid email addresses 1`] = `[ValidationError: Please enter a valid email address]`;

exports[`forgotPasswordSchema rejects invalid email addresses 2`] = `[ValidationError: Please enter a valid email address]`;

exports[`forgotPasswordSchema rejects invalid email addresses 3`] = `[ValidationError: Please enter a valid email address]`;

exports[`forgotPasswordSchema rejects invalid email addresses 4`] = `[ValidationError: Please enter a valid email address]`;

exports[`forgotPasswordSchema rejects invalid email addresses 5`] = `[ValidationError: Email is required]`;

exports[`forgotPasswordSchema requires email field 1`] = `[ValidationError: Email is required]`;

exports[`forgotPasswordSchema validates valid email addresses 1`] = `
{
  "email": "test@example.com",
}
`;

exports[`forgotPasswordSchema validates valid email addresses 2`] = `
{
  "email": "user.name@domain.co.uk",
}
`;

exports[`forgotPasswordSchema validates valid email addresses 3`] = `
{
  "email": "test+tag@gmail.com",
}
`;
