// Jest Snapshot v1, https://goo.gl/fbAQLP

exports[`ResetPasswordForm component renders form fields and submit button 1`] = `
<div>
  <div
    class="MuiPaper-root MuiPaper-elevation MuiPaper-rounded MuiPaper-elevation3 css-rdt0o3-MuiPaper-root"
    style="--Paper-shadow: 0px 3px 3px -2px rgba(0,0,0,0.2),0px 3px 4px 0px rgba(0,0,0,0.14),0px 1px 8px 0px rgba(0,0,0,0.12);"
  >
    <h1
      class="MuiTypography-root MuiTypography-h5 MuiTypography-alignCenter MuiTypography-gutterBottom css-a5umqh-MuiTypography-root"
      style="--Typography-textAlign: center;"
    >
      Reset Password
    </h1>
    <p
      class="MuiTypography-root MuiTypography-body2 MuiTypography-alignCenter css-yrarxe-MuiTypography-root"
      style="--Typography-textAlign: center;"
    >
      Enter the OTP sent to your email and set a new password
    </p>
    <form
      class="MuiBox-root css-dosj8s"
      data-testid="reset-password-form"
      novalidate=""
    >
      <div
        class="MuiFormControl-root MuiFormControl-fullWidth MuiTextField-root css-cmpglg-MuiFormControl-root-MuiTextField-root"
      >
        <label
          class="MuiFormLabel-root MuiInputLabel-root MuiInputLabel-formControl MuiInputLabel-animated MuiInputLabel-outlined MuiFormLabel-colorPrimary MuiInputLabel-root MuiInputLabel-formControl MuiInputLabel-animated MuiInputLabel-outlined css-19qnlrw-MuiFormLabel-root-MuiInputLabel-root"
          data-shrink="false"
          for=":r0:"
          id=":r0:-label"
        >
          New Password
        </label>
        <div
          class="MuiInputBase-root MuiOutlinedInput-root MuiInputBase-colorPrimary MuiInputBase-fullWidth MuiInputBase-formControl css-1blp12k-MuiInputBase-root-MuiOutlinedInput-root"
        >
          <input
            aria-invalid="false"
            aria-label="New password"
            class="MuiInputBase-input MuiOutlinedInput-input css-16wblaj-MuiInputBase-input-MuiOutlinedInput-input"
            data-testid="reset-password-new-password"
            id=":r0:"
            name="newPassword"
            type="password"
            value=""
          />
          <fieldset
            aria-hidden="true"
            class="MuiOutlinedInput-notchedOutline css-18p5xg2-MuiNotchedOutlined-root-MuiOutlinedInput-notchedOutline"
          >
            <legend
              class="css-1n64csd-MuiNotchedOutlined-root"
            >
              <span>
                New Password
              </span>
            </legend>
          </fieldset>
        </div>
      </div>
      <div
        class="MuiFormControl-root MuiFormControl-fullWidth MuiTextField-root css-cmpglg-MuiFormControl-root-MuiTextField-root"
      >
        <label
          class="MuiFormLabel-root MuiInputLabel-root MuiInputLabel-formControl MuiInputLabel-animated MuiInputLabel-outlined MuiFormLabel-colorPrimary MuiInputLabel-root MuiInputLabel-formControl MuiInputLabel-animated MuiInputLabel-outlined css-19qnlrw-MuiFormLabel-root-MuiInputLabel-root"
          data-shrink="false"
          for=":r1:"
          id=":r1:-label"
        >
          Confirm Password
        </label>
        <div
          class="MuiInputBase-root MuiOutlinedInput-root MuiInputBase-colorPrimary MuiInputBase-fullWidth MuiInputBase-formControl css-1blp12k-MuiInputBase-root-MuiOutlinedInput-root"
        >
          <input
            aria-invalid="false"
            aria-label="Confirm password"
            class="MuiInputBase-input MuiOutlinedInput-input css-16wblaj-MuiInputBase-input-MuiOutlinedInput-input"
            data-testid="reset-password-confirm-password"
            id=":r1:"
            name="confirmPassword"
            type="password"
            value=""
          />
          <fieldset
            aria-hidden="true"
            class="MuiOutlinedInput-notchedOutline css-18p5xg2-MuiNotchedOutlined-root-MuiOutlinedInput-notchedOutline"
          >
            <legend
              class="css-1n64csd-MuiNotchedOutlined-root"
            >
              <span>
                Confirm Password
              </span>
            </legend>
          </fieldset>
        </div>
      </div>
      <button
        aria-label="Update password"
        class="MuiButtonBase-root MuiButton-root MuiButton-contained MuiButton-containedPrimary MuiButton-sizeMedium MuiButton-containedSizeMedium MuiButton-colorPrimary MuiButton-fullWidth MuiButton-root MuiButton-contained MuiButton-containedPrimary MuiButton-sizeMedium MuiButton-containedSizeMedium MuiButton-colorPrimary MuiButton-fullWidth css-1lsr245-MuiButtonBase-root-MuiButton-root"
        data-testid="reset-password-submit"
        tabindex="0"
        type="submit"
      >
        <span
          class="MuiButton-loadingWrapper"
          style="display: contents;"
        />
        Update Password
      </button>
      <div
        class="MuiBox-root css-kl1xo3"
      >
        <p
          class="MuiTypography-root MuiTypography-body2 css-7ctihp-MuiTypography-root"
        >
          Remember your password?
           
          <button
            aria-label="Return to login page"
            class="MuiTypography-root MuiTypography-inherit MuiLink-root MuiLink-underlineHover MuiLink-button css-oev1dk-MuiTypography-root-MuiLink-root"
            data-testid="reset-password-to-login"
            type="button"
          >
            Login
          </button>
        </p>
      </div>
    </form>
  </div>
</div>
`;
