// Jest Snapshot v1, https://goo.gl/fbAQLP

exports[`<Login /> switches to OTP verification when status is VERIFY_EMAIL_REQUIRED and loginInfo is set 1`] = `
<DocumentFragment>
  <div
    class="MuiBox-root css-17vvh6y"
  >
    <div
      class="MuiBox-root css-njzzp3"
    >
      <div
        data-testid="auth-side-panel"
      >
        SidePanel
      </div>
    </div>
    <div
      data-testid="auth-right-panel"
    >
      <div
        data-testid="otp-verification"
      >
        OTP Verification - email - test@example.com
        <button>
          back
        </button>
        <button>
          success
        </button>
      </div>
    </div>
  </div>
</DocumentFragment>
`;
