// Jest Snapshot v1, https://goo.gl/fbAQLP

exports[`CustomProgressBar Component matches snapshot when visible 1`] = `
<DocumentFragment>
  <div
    class="MuiBox-root css-vbidw3"
  >
    <span
      class="MuiLinearProgress-root MuiLinearProgress-colorPrimary MuiLinearProgress-indeterminate css-ha1ndf-MuiLinearProgress-root"
      role="progressbar"
    >
      <span
        class="MuiLinearProgress-bar MuiLinearProgress-bar1 MuiLinearProgress-barColorPrimary MuiLinearProgress-bar1Indeterminate css-lcqqge-MuiLinearProgress-bar1"
      />
      <span
        class="MuiLinearProgress-bar MuiLinearProgress-bar2 MuiLinearProgress-barColorPrimary MuiLinearProgress-bar2Indeterminate css-lfb3c7-MuiLinearProgress-bar2"
      />
    </span>
  </div>
</DocumentFragment>
`;
