// Jest Snapshot v1, https://goo.gl/fbAQLP

exports[`CategoryRow renders correctly and matches snapshot 1`] = `
<DocumentFragment>
  <table>
    <tbody>
      <tr
        class="MuiTableRow-root MuiTableRow-hover css-1xtozoh-MuiTableRow-root"
      >
        <td
          class="MuiTableCell-root MuiTableCell-sizeMedium css-141kssz-MuiTableCell-root"
        >
          <div
            class="MuiBox-root css-14ltvab"
          >
            <button
              class="MuiButtonBase-root MuiIconButton-root MuiIconButton-sizeSmall css-1fuprci-MuiButtonBase-root-MuiIconButton-root"
              tabindex="0"
              type="button"
            >
              <svg
                aria-hidden="true"
                class="MuiSvgIcon-root MuiSvgIcon-fontSizeMedium css-1umw9bq-MuiSvgIcon-root"
                data-testid="KeyboardArrowRightIcon"
                focusable="false"
                viewBox="0 0 24 24"
              >
                <path
                  d="M8.59 16.59 13.17 12 8.59 7.41 10 6l6 6-6 6z"
                />
              </svg>
            </button>
            <div
              class="MuiBox-root css-0"
            >
              <p
                class="MuiTypography-root MuiTypography-body1 css-rt9437-MuiTypography-root"
              >
                Electronics
              </p>
              <p
                class="MuiTypography-root MuiTypography-body2 css-8jidep-MuiTypography-root"
              >
                <b>
                  Path
                </b>
                : Electronics  •  
                <b>
                  Depth:
                </b>
                 0  •  
                <b>
                  Status:
                </b>
                 ACTIVE
              </p>
            </div>
          </div>
        </td>
        <td
          class="MuiTableCell-root MuiTableCell-alignCenter MuiTableCell-sizeMedium css-9fhal0-MuiTableCell-root"
        >
          <div
            class="MuiBox-root css-1w0dmnq"
          >
            <div
              class="MuiBox-root css-1ixi0ka"
              style="opacity: 0; visibility: hidden;"
            >
              <button
                class="MuiButtonBase-root MuiIconButton-root MuiIconButton-sizeSmall css-155wbr6-MuiButtonBase-root-MuiIconButton-root"
                tabindex="0"
                type="button"
              >
                <svg
                  aria-hidden="true"
                  class="MuiSvgIcon-root MuiSvgIcon-colorPrimary MuiSvgIcon-fontSizeSmall css-os5i4q-MuiSvgIcon-root"
                  data-testid="EditOutlinedIcon"
                  focusable="false"
                  viewBox="0 0 24 24"
                >
                  <path
                    d="m14.06 9.02.92.92L5.92 19H5v-.92zM17.66 3c-.25 0-.51.1-.7.29l-1.83 1.83 3.75 3.75 1.83-1.83c.39-.39.39-1.02 0-1.41l-2.34-2.34c-.2-.2-.45-.29-.71-.29m-3.6 3.19L3 17.25V21h3.75L17.81 9.94z"
                  />
                </svg>
              </button>
              <button
                class="MuiButtonBase-root MuiIconButton-root MuiIconButton-colorError MuiIconButton-sizeSmall css-195ve3w-MuiButtonBase-root-MuiIconButton-root"
                tabindex="0"
                type="button"
              >
                <svg
                  aria-hidden="true"
                  class="MuiSvgIcon-root MuiSvgIcon-fontSizeSmall css-120dh41-MuiSvgIcon-root"
                  data-testid="DeleteOutlineOutlinedIcon"
                  focusable="false"
                  viewBox="0 0 24 24"
                >
                  <path
                    d="M6 19c0 1.1.9 2 2 2h8c1.1 0 2-.9 2-2V7H6zM8 9h8v10H8zm7.5-5-1-1h-5l-1 1H5v2h14V4z"
                  />
                </svg>
              </button>
              <button
                class="MuiButtonBase-root MuiIconButton-root MuiIconButton-sizeSmall css-155wbr6-MuiButtonBase-root-MuiIconButton-root"
                tabindex="0"
                type="button"
              >
                <svg
                  aria-hidden="true"
                  class="MuiSvgIcon-root MuiSvgIcon-fontSizeSmall css-120dh41-MuiSvgIcon-root"
                  data-testid="VisibilityOutlinedIcon"
                  focusable="false"
                  viewBox="0 0 24 24"
                >
                  <path
                    d="M12 6c3.79 0 7.17 2.13 8.82 5.5C19.17 14.87 15.79 17 12 17s-7.17-2.13-8.82-5.5C4.83 8.13 8.21 6 12 6m0-2C7 4 2.73 7.11 1 11.5 2.73 15.89 7 19 12 19s9.27-3.11 11-7.5C21.27 7.11 17 4 12 4m0 5c1.38 0 2.5 1.12 2.5 2.5S13.38 14 12 14s-2.5-1.12-2.5-2.5S10.62 9 12 9m0-2c-2.48 0-4.5 2.02-4.5 4.5S9.52 16 12 16s4.5-2.02 4.5-4.5S14.48 7 12 7"
                  />
                </svg>
              </button>
            </div>
            <button
              class="MuiButtonBase-root MuiIconButton-root MuiIconButton-sizeSmall css-11wsc3w-MuiButtonBase-root-MuiIconButton-root"
              tabindex="0"
              type="button"
            >
              <svg
                aria-hidden="true"
                class="MuiSvgIcon-root MuiSvgIcon-fontSizeSmall css-120dh41-MuiSvgIcon-root"
                data-testid="MoreVertIcon"
                focusable="false"
                viewBox="0 0 24 24"
              >
                <path
                  d="M12 8c1.1 0 2-.9 2-2s-.9-2-2-2-2 .9-2 2 .9 2 2 2m0 2c-1.1 0-2 .9-2 2s.9 2 2 2 2-.9 2-2-.9-2-2-2m0 6c-1.1 0-2 .9-2 2s.9 2 2 2 2-.9 2-2-.9-2-2-2"
                />
              </svg>
            </button>
          </div>
        </td>
      </tr>
      <tr
        class="MuiTableRow-root css-1xtozoh-MuiTableRow-root"
      >
        <td
          class="MuiTableCell-root MuiTableCell-sizeMedium css-1983ei-MuiTableCell-root"
          colspan="3"
        />
      </tr>
    </tbody>
  </table>
</DocumentFragment>
`;
