// Jest Snapshot v1, https://goo.gl/fbAQLP

exports[`ForgotPasswordForm component renders the form, input and buttons 1`] = `
<div>
  <div
    class="MuiPaper-root MuiPaper-elevation MuiPaper-rounded MuiPaper-elevation0 css-rdt0o3-MuiPaper-root"
    style="--Paper-shadow: none;"
  >
    <h5
      class="MuiTypography-root MuiTypography-h5 MuiTypography-gutterBottom css-183f91e-MuiTypography-root"
    >
      Forgot Password
    </h5>
    <form
      class="MuiBox-root css-1p12m3i"
      data-testid="forgot-password-form"
      novalidate=""
    >
      <div
        class="MuiFormControl-root MuiFormControl-fullWidth MuiTextField-root css-cmpglg-MuiFormControl-root-MuiTextField-root"
      >
        <label
          class="MuiFormLabel-root MuiInputLabel-root MuiInputLabel-formControl MuiInputLabel-animated MuiInputLabel-shrink MuiInputLabel-outlined MuiFormLabel-colorPrimary Mui-focused MuiInputLabel-root MuiInputLabel-formControl MuiInputLabel-animated MuiInputLabel-shrink MuiInputLabel-outlined css-113d811-MuiFormLabel-root-MuiInputLabel-root"
          data-shrink="true"
          for=":r0:"
          id=":r0:-label"
        >
          Email
        </label>
        <div
          class="MuiInputBase-root MuiOutlinedInput-root MuiInputBase-colorPrimary MuiInputBase-fullWidth Mui-focused MuiInputBase-formControl css-1blp12k-MuiInputBase-root-MuiOutlinedInput-root"
        >
          <input
            aria-invalid="false"
            aria-label="Email address"
            class="MuiInputBase-input MuiOutlinedInput-input css-16wblaj-MuiInputBase-input-MuiOutlinedInput-input"
            data-testid="forgot-password-email"
            id=":r0:"
            name="email"
            type="text"
            value=""
          />
          <fieldset
            aria-hidden="true"
            class="MuiOutlinedInput-notchedOutline css-18p5xg2-MuiNotchedOutlined-root-MuiOutlinedInput-notchedOutline"
          >
            <legend
              class="css-ex8a5f-MuiNotchedOutlined-root"
            >
              <span>
                Email
              </span>
            </legend>
          </fieldset>
        </div>
      </div>
      <button
        aria-label="Submit password reset"
        class="MuiButtonBase-root MuiButton-root MuiButton-contained MuiButton-containedPrimary MuiButton-sizeMedium MuiButton-containedSizeMedium MuiButton-colorPrimary MuiButton-fullWidth MuiButton-root MuiButton-contained MuiButton-containedPrimary MuiButton-sizeMedium MuiButton-containedSizeMedium MuiButton-colorPrimary MuiButton-fullWidth css-1lsr245-MuiButtonBase-root-MuiButton-root"
        data-testid="forgot-password-submit"
        tabindex="0"
        type="submit"
      >
        Reset Password
      </button>
      <div
        class="MuiBox-root css-kl1xo3"
      >
        <p
          class="MuiTypography-root MuiTypography-body2 css-7ctihp-MuiTypography-root"
        >
          Remember your password?
           
          <button
            aria-label="Return to login page"
            class="MuiTypography-root MuiTypography-inherit MuiLink-root MuiLink-underlineHover MuiLink-button css-oev1dk-MuiTypography-root-MuiLink-root"
            data-testid="forgot-password-to-login"
            type="button"
          >
            Login
          </button>
        </p>
      </div>
    </form>
    <div
      class="MuiBox-root css-1080b6c"
    >
      <span
        class="MuiTypography-root MuiTypography-caption css-okytkp-MuiTypography-root"
        data-testid="forgot-password-footer"
      >
        © kivunova 2025
      </span>
    </div>
  </div>
</div>
`;
